恭喜！这是一份由 GitHub Actions 自动生成的文件。
生成时间: 2026-03-08 03:05:22
